../Core/Src/main.c:94:5:main	8	static
../Core/Src/main.c:155:6:SystemClock_Config	96	static
../Core/Src/main.c:215:6:PeriphCommonClock_Config	160	static
../Core/Src/main.c:242:13:MX_ADC1_Init	32	static
../Core/Src/main.c:300:13:MX_DFSDM1_Init	8	static
../Core/Src/main.c:338:13:MX_I2C1_Init	8	static
../Core/Src/main.c:386:13:MX_I2C2_Init	8	static
../Core/Src/main.c:434:13:MX_OCTOSPI1_Init	32	static
../Core/Src/main.c:482:13:MX_SPI1_Init	8	static
../Core/Src/main.c:522:13:MX_SPI3_Init	8	static
../Core/Src/main.c:562:13:MX_UART4_Init	8	static
../Core/Src/main.c:610:13:MX_USART1_UART_Init	8	static
../Core/Src/main.c:658:13:MX_USART2_UART_Init	8	static
../Core/Src/main.c:706:13:MX_USART3_UART_Init	8	static
../Core/Src/main.c:754:13:MX_USB_OTG_FS_USB_Init	4	static
../Core/Src/main.c:775:13:MX_GPIO_Init	56	static
../Core/Src/main.c:907:5:__io_putchar	16	static
../Core/Src/main.c:917:6:Error_Handler	4	static,ignoring_inline_asm
